# Generated by Fabric8 CRDGenerator, manual edits might get overwritten!
apiVersion: apiextensions.k8s.io/v1
kind: CustomResourceDefinition
metadata:
  name: containingjsons.sample.fabric8.io
spec:
  group: sample.fabric8.io
  names:
    kind: ContainingJson
    plural: containingjsons
    singular: containingjson
  scope: Cluster
  versions:
  - name: v1alpha1
    schema:
      openAPIV3Schema:
        properties:
          spec:
            properties:
              field:
                type: integer
              foo:
                properties:
                  configAsMap:
                    additionalProperties:
                      type: object
                    type: object
                    x-kubernetes-preserve-unknown-fields: true
                type: object
                x-kubernetes-preserve-unknown-fields: true
              free:
                x-kubernetes-preserve-unknown-fields: true
            type: object
          status:
            type: object
        type: object
    served: true
    storage: true