# Generated by Fabric8 CRDGenerator, manual edits might get overwritten!
apiVersion: "apiextensions.k8s.io/v1"
kind: "CustomResourceDefinition"
metadata:
  name: "multiples.sample.fabric8.io"
spec:
  group: "sample.fabric8.io"
  names:
    kind: "Multiple"
    plural: "multiples"
    singular: "multiple"
  scope: "Cluster"
  versions:
  - name: "v2"
    schema:
      openAPIV3Schema:
        properties:
          spec:
            properties:
              v2:
                type: "string"
            type: "object"
          status:
            type: "object"
        type: "object"
    served: true
    storage: true
  - deprecated: true
    name: "v1"
    schema:
      openAPIV3Schema:
        properties:
          spec:
            properties:
              v1:
                type: "string"
            type: "object"
          status:
            type: "object"
        type: "object"
    served: true
    storage: false
