# Generated by Fabric8 CRDGenerator, manual edits might get overwritten!
apiVersion: "apiextensions.k8s.io/v1"
kind: "CustomResourceDefinition"
metadata:
  name: "annotateds.samples.fabric8.io"
spec:
  group: "samples.fabric8.io"
  names:
    kind: "Annotated"
    plural: "annotateds"
    singular: "annotated"
  scope: "Cluster"
  versions:
  - name: "v1"
    schema:
      openAPIV3Schema:
        properties:
          spec:
            properties:
              anEnum:
                enum:
                - "non"
                - "oui"
                type: "string"
              defaultValue:
                default: "my-value"
                type: "string"
              defaultValue2:
                default: "my-value2"
                type: "string"
              emptySetter:
                type: "boolean"
              emptySetter2:
                type: "boolean"
              from-field:
                description: "from-field-description"
                type: "string"
              from-getter:
                description: "from-getter-description"
                type: "integer"
              kubernetesValidationRule:
                type: "string"
                x-kubernetes-validations:
                - message: "kubernetesValidationRule must start with prefix 'prefix-'"
                  rule: "self.startwith('prefix-')"
              kubernetesValidationRules:
                type: "string"
                x-kubernetes-validations:
                - rule: "first.rule"
                - rule: "second.rule"
                - reason: "FieldValueForbidden"
                  rule: "third.rule"
              max:
                maximum: 5.0
                type: "integer"
              min:
                minimum: -5.0
                type: "integer"
              nullable:
                nullable: true
                type: "string"
              singleDigit:
                pattern: "\\b[1-9]\\b"
                type: "string"
              sizedField:
                type: "integer"
              unnamed:
                type: "string"
            required:
            - "emptySetter"
            - "emptySetter2"
            - "from-getter"
            type: "object"
          status:
            type: "object"
        type: "object"
    served: true
    storage: true
