# Generated by Fabric8 CRDGenerator, manual edits might get overwritten!
apiVersion: "apiextensions.k8s.io/v1"
kind: "CustomResourceDefinition"
metadata:
  name: "requireds.samples.fabric8.io"
spec:
  group: "samples.fabric8.io"
  names:
    kind: "Required"
    plural: "requireds"
    singular: "required"
  scope: "Cluster"
  versions:
  - name: "v1alpha1"
    schema:
      openAPIV3Schema:
        properties:
          spec:
            type: "object"
          status:
            properties:
              message:
                type: "string"
            type: "object"
        required:
        - "spec"
        - "status"
        type: "object"
    served: true
    storage: true
    subresources:
      status: {}
