# Generated by Fabric8 CRDGenerator, manual edits might get overwritten!
apiVersion: apiextensions.k8s.io/v1beta1
kind: CustomResourceDefinition
metadata:
  name: nocyclics.sample.fabric8.io
spec:
  group: sample.fabric8.io
  names:
    kind: NoCyclic
    plural: nocyclics
    singular: nocyclic
  scope: Namespaced
  subresources:
    status: {}
  validation:
    openAPIV3Schema:
      properties:
        spec:
          properties:
            ref1:
              properties:
                inner:
                  type: object
                ref:
                  type: integer
              type: object
            ref2:
              properties:
                inner:
                  type: object
                ref:
                  type: integer
              type: object
          type: object
        status:
          properties:
            message:
              type: string
            ref1:
              properties:
                inner:
                  type: object
                ref:
                  type: integer
              type: object
          type: object
      type: object
  versions:
  - name: v1alpha1
    served: true
    storage: true