# Generated by Fabric8 CRDGenerator, manual edits might get overwritten!
apiVersion: "apiextensions.k8s.io/v1"
kind: "CustomResourceDefinition"
metadata:
  name: "validations.samples.fabric8.io"
spec:
  group: "samples.fabric8.io"
  names:
    kind: "Validation"
    plural: "validations"
    singular: "validation"
  scope: "Cluster"
  versions:
  - name: "v1alpha1"
    schema:
      openAPIV3Schema:
        properties:
          spec:
            properties:
              onDouble:
                properties:
                  maximum1:
                    maximum: 1.0
                    type: "number"
                  maximumExclusive1:
                    exclusiveMaximum: true
                    maximum: 1.0
                    type: "number"
                  minimum1:
                    minimum: 1.0
                    type: "number"
                  minimum1Maximum3:
                    maximum: 3.0
                    minimum: 1.0
                    type: "number"
                  minimumExclusive1:
                    exclusiveMinimum: true
                    minimum: 1.0
                    type: "number"
                  minimumExclusive1MaximumExclusive3:
                    exclusiveMaximum: true
                    exclusiveMinimum: true
                    maximum: 3.0
                    minimum: 1.0
                    type: "number"
                type: "object"
              onDoublePrim:
                properties:
                  maximum1:
                    maximum: 1.0
                    type: "number"
                  maximumExclusive1:
                    exclusiveMaximum: true
                    maximum: 1.0
                    type: "number"
                  minimum1:
                    minimum: 1.0
                    type: "number"
                  minimum1Maximum3:
                    maximum: 3.0
                    minimum: 1.0
                    type: "number"
                  minimumExclusive1:
                    exclusiveMinimum: true
                    minimum: 1.0
                    type: "number"
                  minimumExclusive1MaximumExclusive3:
                    exclusiveMaximum: true
                    exclusiveMinimum: true
                    maximum: 3.0
                    minimum: 1.0
                    type: "number"
                type: "object"
              onFloat:
                properties:
                  maximum1:
                    maximum: 1.0
                    type: "number"
                  maximumExclusive1:
                    exclusiveMaximum: true
                    maximum: 1.0
                    type: "number"
                  minimum1:
                    minimum: 1.0
                    type: "number"
                  minimum1Maximum3:
                    maximum: 3.0
                    minimum: 1.0
                    type: "number"
                  minimumExclusive1:
                    exclusiveMinimum: true
                    minimum: 1.0
                    type: "number"
                  minimumExclusive1MaximumExclusive3:
                    exclusiveMaximum: true
                    exclusiveMinimum: true
                    maximum: 3.0
                    minimum: 1.0
                    type: "number"
                type: "object"
              onFloatPrim:
                properties:
                  maximum1:
                    maximum: 1.0
                    type: "number"
                  maximumExclusive1:
                    exclusiveMaximum: true
                    maximum: 1.0
                    type: "number"
                  minimum1:
                    minimum: 1.0
                    type: "number"
                  minimum1Maximum3:
                    maximum: 3.0
                    minimum: 1.0
                    type: "number"
                  minimumExclusive1:
                    exclusiveMinimum: true
                    minimum: 1.0
                    type: "number"
                  minimumExclusive1MaximumExclusive3:
                    exclusiveMaximum: true
                    exclusiveMinimum: true
                    maximum: 3.0
                    minimum: 1.0
                    type: "number"
                type: "object"
              onInteger:
                properties:
                  maximum1:
                    maximum: 1.0
                    type: "integer"
                  maximumExclusive1:
                    exclusiveMaximum: true
                    maximum: 1.0
                    type: "integer"
                  minimum1:
                    minimum: 1.0
                    type: "integer"
                  minimum1Maximum3:
                    maximum: 3.0
                    minimum: 1.0
                    type: "integer"
                  minimumExclusive1:
                    exclusiveMinimum: true
                    minimum: 1.0
                    type: "integer"
                  minimumExclusive1MaximumExclusive3:
                    exclusiveMaximum: true
                    exclusiveMinimum: true
                    maximum: 3.0
                    minimum: 1.0
                    type: "integer"
                type: "object"
              onIntegerPrim:
                properties:
                  maximum1:
                    maximum: 1.0
                    type: "integer"
                  maximumExclusive1:
                    exclusiveMaximum: true
                    maximum: 1.0
                    type: "integer"
                  minimum1:
                    minimum: 1.0
                    type: "integer"
                  minimum1Maximum3:
                    maximum: 3.0
                    minimum: 1.0
                    type: "integer"
                  minimumExclusive1:
                    exclusiveMinimum: true
                    minimum: 1.0
                    type: "integer"
                  minimumExclusive1MaximumExclusive3:
                    exclusiveMaximum: true
                    exclusiveMinimum: true
                    maximum: 3.0
                    minimum: 1.0
                    type: "integer"
                type: "object"
              onLong:
                properties:
                  maximum1:
                    maximum: 1.0
                    type: "integer"
                  maximumExclusive1:
                    exclusiveMaximum: true
                    maximum: 1.0
                    type: "integer"
                  minimum1:
                    minimum: 1.0
                    type: "integer"
                  minimum1Maximum3:
                    maximum: 3.0
                    minimum: 1.0
                    type: "integer"
                  minimumExclusive1:
                    exclusiveMinimum: true
                    minimum: 1.0
                    type: "integer"
                  minimumExclusive1MaximumExclusive3:
                    exclusiveMaximum: true
                    exclusiveMinimum: true
                    maximum: 3.0
                    minimum: 1.0
                    type: "integer"
                type: "object"
              onLongPrim:
                properties:
                  maximum1:
                    maximum: 1.0
                    type: "integer"
                  maximumExclusive1:
                    exclusiveMaximum: true
                    maximum: 1.0
                    type: "integer"
                  minimum1:
                    minimum: 1.0
                    type: "integer"
                  minimum1Maximum3:
                    maximum: 3.0
                    minimum: 1.0
                    type: "integer"
                  minimumExclusive1:
                    exclusiveMinimum: true
                    minimum: 1.0
                    type: "integer"
                  minimumExclusive1MaximumExclusive3:
                    exclusiveMaximum: true
                    exclusiveMinimum: true
                    maximum: 3.0
                    minimum: 1.0
                    type: "integer"
                type: "object"
              onString:
                properties:
                  maxLength1:
                    maxLength: 1
                    type: "string"
                  minLength1:
                    minLength: 1
                    type: "string"
                  minLength1maxLength3:
                    maxLength: 3
                    minLength: 1
                    type: "string"
                  pattern:
                    pattern: "(a|b)+"
                    type: "string"
                type: "object"
            type: "object"
          status:
            type: "object"
        type: "object"
    served: true
    storage: true
