# Generated by Fabric8 CRDGenerator, manual edits might get overwritten!
apiVersion: "apiextensions.k8s.io/v1beta1"
kind: "CustomResourceDefinition"
metadata:
  name: "viaimmutables.samples.fabric8.io"
spec:
  group: "samples.fabric8.io"
  names:
    kind: "ViaImmutable"
    plural: "viaimmutables"
    singular: "viaimmutable"
  scope: "Cluster"
  validation:
    openAPIV3Schema:
      properties:
        spec:
          properties:
            value:
              type: "string"
          type: "object"
      type: "object"
  versions:
  - name: "v1"
    served: true
    storage: true
