
package io.fabric8.kubernetes.api.model;

import java.util.LinkedHashMap;
import java.util.Map;
import javax.annotation.Generated;
import com.fasterxml.jackson.annotation.JsonAnyGetter;
import com.fasterxml.jackson.annotation.JsonAnySetter;
import com.fasterxml.jackson.annotation.JsonIgnore;
import com.fasterxml.jackson.annotation.JsonInclude;
import com.fasterxml.jackson.annotation.JsonProperty;
import com.fasterxml.jackson.annotation.JsonPropertyOrder;
import com.fasterxml.jackson.databind.annotation.JsonDeserialize;
import io.fabric8.kubernetes.api.builder.Editable;
import io.sundr.builder.annotations.Buildable;
import lombok.EqualsAndHashCode;
import lombok.ToString;
import lombok.experimental.Accessors;

@JsonDeserialize(using = com.fasterxml.jackson.databind.JsonDeserializer.None.class)
@JsonInclude(JsonInclude.Include.NON_NULL)
@JsonPropertyOrder({
    "object",
    "type"
})
@ToString
@EqualsAndHashCode
@Accessors(prefix = {
    "_",
    ""
})
@Buildable(editableEnabled = false, validationEnabled = false, generateBuilderPackage = false, lazyCollectionInitEnabled = false, builderPackage = "io.fabric8.kubernetes.api.builder")
@Generated("io.fabric8.kubernetes.schema.generator.model.ModelGenerator")
public class WatchEvent implements Editable<WatchEventBuilder> , KubernetesResource
{

    @JsonProperty("object")
    @JsonDeserialize(using = io.fabric8.kubernetes.internal.KubernetesDeserializer.class)
    private Object object;
    @JsonProperty("type")
    private String type;
    @JsonIgnore
    private Map<String, Object> additionalProperties = new LinkedHashMap<String, Object>();

    /**
     * No args constructor for use in serialization
     *
     */
    public WatchEvent() {
    }

    public WatchEvent(Object object, String type) {
        super();
        this.object = object;
        this.type = type;
    }

    @JsonProperty("object")
    public Object getObject() {
        return object;
    }

    @JsonProperty("object")
    @JsonDeserialize(using = io.fabric8.kubernetes.internal.KubernetesDeserializer.class)
    public void setObject(Object object) {
        this.object = object;
    }

    @JsonProperty("type")
    public String getType() {
        return type;
    }

    @JsonProperty("type")
    public void setType(String type) {
        this.type = type;
    }

    @JsonIgnore
    public WatchEventBuilder edit() {
        return new WatchEventBuilder(this);
    }

    @JsonIgnore
    public WatchEventBuilder toBuilder() {
        return edit();
    }

    @JsonAnyGetter
    public Map<String, Object> getAdditionalProperties() {
        return this.additionalProperties;
    }

    @JsonAnySetter
    public void setAdditionalProperty(String name, Object value) {
        this.additionalProperties.put(name, value);
    }

    public void setAdditionalProperties(Map<String, Object> additionalProperties) {
        this.additionalProperties = additionalProperties;
    }

}
