RequireSpecAndStatusJavaCr[0] = package org.test.v1;

@io.fabric8.kubernetes.model.annotation.Version(value = "v1" , storage = true , served = true)
@io.fabric8.kubernetes.model.annotation.Group("stable.example.com")
@io.fabric8.kubernetes.model.annotation.Singular("requirespecandstatus")
@io.fabric8.kubernetes.model.annotation.Plural("requirespecandstatuses")
@javax.annotation.processing.Generated("io.fabric8.java.generator.CRGeneratorRunner")
public class RequireSpecAndStatus extends io.fabric8.kubernetes.client.CustomResource<org.test.v1.RequireSpecAndStatusSpec, org.test.v1.RequireSpecAndStatusStatus> implements io.fabric8.kubernetes.api.model.Namespaced {

    @java.lang.Override()
    @io.fabric8.generator.annotation.Required()
    public org.test.v1.RequireSpecAndStatusSpec getSpec() {
        return super.getSpec();
    }

    @java.lang.Override()
    @io.fabric8.generator.annotation.Required()
    public org.test.v1.RequireSpecAndStatusStatus getStatus() {
        return super.getStatus();
    }
}

RequireSpecAndStatusJavaCr[1] = package org.test.v1;

@com.fasterxml.jackson.annotation.JsonInclude(com.fasterxml.jackson.annotation.JsonInclude.Include.NON_NULL)
@com.fasterxml.jackson.annotation.JsonPropertyOrder({})
@com.fasterxml.jackson.databind.annotation.JsonDeserialize(using = com.fasterxml.jackson.databind.JsonDeserializer.None.class)
@javax.annotation.processing.Generated("io.fabric8.java.generator.CRGeneratorRunner")
public class RequireSpecAndStatusSpec implements io.fabric8.kubernetes.api.model.KubernetesResource {
}

RequireSpecAndStatusJavaCr[2] = package org.test.v1;

@com.fasterxml.jackson.annotation.JsonInclude(com.fasterxml.jackson.annotation.JsonInclude.Include.NON_NULL)
@com.fasterxml.jackson.annotation.JsonPropertyOrder({})
@com.fasterxml.jackson.databind.annotation.JsonDeserialize(using = com.fasterxml.jackson.databind.JsonDeserializer.None.class)
@javax.annotation.processing.Generated("io.fabric8.java.generator.CRGeneratorRunner")
public class RequireSpecAndStatusStatus implements io.fabric8.kubernetes.api.model.KubernetesResource {
}

