KeycloakJavaCr[0] = package org.test.v1alpha1;

@io.fabric8.kubernetes.model.annotation.Version(value = "v1alpha1" , storage = true , served = true)
@io.fabric8.kubernetes.model.annotation.Group("keycloak.org")
@io.fabric8.kubernetes.model.annotation.Singular("keycloak")
@io.fabric8.kubernetes.model.annotation.Plural("keycloaks")
@javax.annotation.processing.Generated("io.fabric8.java.generator.CRGeneratorRunner")
public class Keycloak extends io.fabric8.kubernetes.client.CustomResource<org.test.v1alpha1.KeycloakSpec, org.test.v1alpha1.KeycloakStatus> implements io.fabric8.kubernetes.api.model.Namespaced {
}

KeycloakJavaCr[1] = package org.test.v1alpha1;

@com.fasterxml.jackson.annotation.JsonInclude(com.fasterxml.jackson.annotation.JsonInclude.Include.NON_NULL)
@com.fasterxml.jackson.annotation.JsonPropertyOrder({"extensions","external","externalAccess","externalDatabase","instances","keycloakDeploymentSpec","migration","multiAvailablityZones","podDisruptionBudget","postgresDeploymentSpec","profile","storageClassName","unmanaged"})
@com.fasterxml.jackson.databind.annotation.JsonDeserialize(using = com.fasterxml.jackson.databind.JsonDeserializer.None.class)
@javax.annotation.processing.Generated("io.fabric8.java.generator.CRGeneratorRunner")
public class KeycloakSpec implements io.fabric8.kubernetes.api.model.KubernetesResource {

    /**
     * A list of extensions, where each one is a URL to a JAR files that will be deployed in Keycloak.
     */
    @com.fasterxml.jackson.annotation.JsonProperty("extensions")
    @com.fasterxml.jackson.annotation.JsonPropertyDescription("A list of extensions, where each one is a URL to a JAR files that will be deployed in Keycloak.")
    @com.fasterxml.jackson.annotation.JsonSetter(nulls = com.fasterxml.jackson.annotation.Nulls.SKIP)
    private java.util.List<String> extensions;

    public java.util.List<String> getExtensions() {
        return extensions;
    }

    public void setExtensions(java.util.List<String> extensions) {
        this.extensions = extensions;
    }

    /**
     * Contains configuration for external Keycloak instances. Unmanaged needs to be set to true to use this.
     */
    @com.fasterxml.jackson.annotation.JsonProperty("external")
    @com.fasterxml.jackson.annotation.JsonPropertyDescription("Contains configuration for external Keycloak instances. Unmanaged needs to be set to true to use this.")
    @com.fasterxml.jackson.annotation.JsonSetter(nulls = com.fasterxml.jackson.annotation.Nulls.SKIP)
    private org.test.v1alpha1.keycloakspec.External external;

    public org.test.v1alpha1.keycloakspec.External getExternal() {
        return external;
    }

    public void setExternal(org.test.v1alpha1.keycloakspec.External external) {
        this.external = external;
    }

    /**
     * Controls external Ingress/Route settings.
     */
    @com.fasterxml.jackson.annotation.JsonProperty("externalAccess")
    @com.fasterxml.jackson.annotation.JsonPropertyDescription("Controls external Ingress/Route settings.")
    @com.fasterxml.jackson.annotation.JsonSetter(nulls = com.fasterxml.jackson.annotation.Nulls.SKIP)
    private org.test.v1alpha1.keycloakspec.ExternalAccess externalAccess;

    public org.test.v1alpha1.keycloakspec.ExternalAccess getExternalAccess() {
        return externalAccess;
    }

    public void setExternalAccess(org.test.v1alpha1.keycloakspec.ExternalAccess externalAccess) {
        this.externalAccess = externalAccess;
    }

    /**
     * Controls external database settings. Using an external database requires providing a secret containing credentials as well as connection details. Here's an example of such secret:
     *      apiVersion: v1     kind: Secret     metadata:         name: keycloak-db-secret         namespace: keycloak     stringData:         POSTGRES_DATABASE: <Database Name>         POSTGRES_EXTERNAL_ADDRESS: <External Database IP or URL (resolvable by K8s)>         POSTGRES_EXTERNAL_PORT: <External Database Port>         # Strongly recommended to use <'Keycloak CR Name'-postgresql>         POSTGRES_HOST: <Database Service Name>         POSTGRES_PASSWORD: <Database Password>         # Required for AWS Backup functionality         POSTGRES_SUPERUSER: true         POSTGRES_USERNAME: <Database Username>      type: Opaque
     *  Both POSTGRES_EXTERNAL_ADDRESS and POSTGRES_EXTERNAL_PORT are specifically required for creating connection to the external database. The secret name is created using the following convention:       <Custom Resource Name>-db-secret
     *  For more information, please refer to the Operator documentation.
     */
    @com.fasterxml.jackson.annotation.JsonProperty("externalDatabase")
    @com.fasterxml.jackson.annotation.JsonPropertyDescription("Controls external database settings. Using an external database requires providing a secret containing credentials as well as connection details. Here's an example of such secret: \n     apiVersion: v1     kind: Secret     metadata:         name: keycloak-db-secret         namespace: keycloak     stringData:         POSTGRES_DATABASE: <Database Name>         POSTGRES_EXTERNAL_ADDRESS: <External Database IP or URL (resolvable by K8s)>         POSTGRES_EXTERNAL_PORT: <External Database Port>         # Strongly recommended to use <'Keycloak CR Name'-postgresql>         POSTGRES_HOST: <Database Service Name>         POSTGRES_PASSWORD: <Database Password>         # Required for AWS Backup functionality         POSTGRES_SUPERUSER: true         POSTGRES_USERNAME: <Database Username>      type: Opaque \n Both POSTGRES_EXTERNAL_ADDRESS and POSTGRES_EXTERNAL_PORT are specifically required for creating connection to the external database. The secret name is created using the following convention:       <Custom Resource Name>-db-secret \n For more information, please refer to the Operator documentation.")
    @com.fasterxml.jackson.annotation.JsonSetter(nulls = com.fasterxml.jackson.annotation.Nulls.SKIP)
    private org.test.v1alpha1.keycloakspec.ExternalDatabase externalDatabase;

    public org.test.v1alpha1.keycloakspec.ExternalDatabase getExternalDatabase() {
        return externalDatabase;
    }

    public void setExternalDatabase(org.test.v1alpha1.keycloakspec.ExternalDatabase externalDatabase) {
        this.externalDatabase = externalDatabase;
    }

    /**
     * Number of Keycloak instances in HA mode. Default is 1.
     */
    @com.fasterxml.jackson.annotation.JsonProperty("instances")
    @com.fasterxml.jackson.annotation.JsonPropertyDescription("Number of Keycloak instances in HA mode. Default is 1.")
    @com.fasterxml.jackson.annotation.JsonSetter(nulls = com.fasterxml.jackson.annotation.Nulls.SKIP)
    private Long instances;

    public Long getInstances() {
        return instances;
    }

    public void setInstances(Long instances) {
        this.instances = instances;
    }

    /**
     * Resources (Requests and Limits) for KeycloakDeployment.
     */
    @com.fasterxml.jackson.annotation.JsonProperty("keycloakDeploymentSpec")
    @com.fasterxml.jackson.annotation.JsonPropertyDescription("Resources (Requests and Limits) for KeycloakDeployment.")
    @com.fasterxml.jackson.annotation.JsonSetter(nulls = com.fasterxml.jackson.annotation.Nulls.SKIP)
    private org.test.v1alpha1.keycloakspec.KeycloakDeploymentSpec keycloakDeploymentSpec;

    public org.test.v1alpha1.keycloakspec.KeycloakDeploymentSpec getKeycloakDeploymentSpec() {
        return keycloakDeploymentSpec;
    }

    public void setKeycloakDeploymentSpec(org.test.v1alpha1.keycloakspec.KeycloakDeploymentSpec keycloakDeploymentSpec) {
        this.keycloakDeploymentSpec = keycloakDeploymentSpec;
    }

    /**
     * Specify Migration configuration
     */
    @com.fasterxml.jackson.annotation.JsonProperty("migration")
    @com.fasterxml.jackson.annotation.JsonPropertyDescription("Specify Migration configuration")
    @com.fasterxml.jackson.annotation.JsonSetter(nulls = com.fasterxml.jackson.annotation.Nulls.SKIP)
    private org.test.v1alpha1.keycloakspec.Migration migration;

    public org.test.v1alpha1.keycloakspec.Migration getMigration() {
        return migration;
    }

    public void setMigration(org.test.v1alpha1.keycloakspec.Migration migration) {
        this.migration = migration;
    }

    /**
     * Specify PodAntiAffinity settings for Keycloak deployment in Multi AZ
     */
    @com.fasterxml.jackson.annotation.JsonProperty("multiAvailablityZones")
    @com.fasterxml.jackson.annotation.JsonPropertyDescription("Specify PodAntiAffinity settings for Keycloak deployment in Multi AZ")
    @com.fasterxml.jackson.annotation.JsonSetter(nulls = com.fasterxml.jackson.annotation.Nulls.SKIP)
    private org.test.v1alpha1.keycloakspec.MultiAvailablityZones multiAvailablityZones;

    public org.test.v1alpha1.keycloakspec.MultiAvailablityZones getMultiAvailablityZones() {
        return multiAvailablityZones;
    }

    public void setMultiAvailablityZones(org.test.v1alpha1.keycloakspec.MultiAvailablityZones multiAvailablityZones) {
        this.multiAvailablityZones = multiAvailablityZones;
    }

    /**
     * Specify PodDisruptionBudget configuration.
     */
    @com.fasterxml.jackson.annotation.JsonProperty("podDisruptionBudget")
    @com.fasterxml.jackson.annotation.JsonPropertyDescription("Specify PodDisruptionBudget configuration.")
    @com.fasterxml.jackson.annotation.JsonSetter(nulls = com.fasterxml.jackson.annotation.Nulls.SKIP)
    private org.test.v1alpha1.keycloakspec.PodDisruptionBudget podDisruptionBudget;

    public org.test.v1alpha1.keycloakspec.PodDisruptionBudget getPodDisruptionBudget() {
        return podDisruptionBudget;
    }

    public void setPodDisruptionBudget(org.test.v1alpha1.keycloakspec.PodDisruptionBudget podDisruptionBudget) {
        this.podDisruptionBudget = podDisruptionBudget;
    }

    /**
     * Resources (Requests and Limits) for PostgresDeployment.
     */
    @com.fasterxml.jackson.annotation.JsonProperty("postgresDeploymentSpec")
    @com.fasterxml.jackson.annotation.JsonPropertyDescription("Resources (Requests and Limits) for PostgresDeployment.")
    @com.fasterxml.jackson.annotation.JsonSetter(nulls = com.fasterxml.jackson.annotation.Nulls.SKIP)
    private org.test.v1alpha1.keycloakspec.PostgresDeploymentSpec postgresDeploymentSpec;

    public org.test.v1alpha1.keycloakspec.PostgresDeploymentSpec getPostgresDeploymentSpec() {
        return postgresDeploymentSpec;
    }

    public void setPostgresDeploymentSpec(org.test.v1alpha1.keycloakspec.PostgresDeploymentSpec postgresDeploymentSpec) {
        this.postgresDeploymentSpec = postgresDeploymentSpec;
    }

    /**
     * Profile used for controlling Operator behavior. Default is empty.
     */
    @com.fasterxml.jackson.annotation.JsonProperty("profile")
    @com.fasterxml.jackson.annotation.JsonPropertyDescription("Profile used for controlling Operator behavior. Default is empty.")
    @com.fasterxml.jackson.annotation.JsonSetter(nulls = com.fasterxml.jackson.annotation.Nulls.SKIP)
    private String profile;

    public String getProfile() {
        return profile;
    }

    public void setProfile(String profile) {
        this.profile = profile;
    }

    /**
     * Name of the StorageClass for Postgresql Persistent Volume Claim
     */
    @com.fasterxml.jackson.annotation.JsonProperty("storageClassName")
    @com.fasterxml.jackson.annotation.JsonPropertyDescription("Name of the StorageClass for Postgresql Persistent Volume Claim")
    @com.fasterxml.jackson.annotation.JsonSetter(nulls = com.fasterxml.jackson.annotation.Nulls.SKIP)
    private String storageClassName;

    public String getStorageClassName() {
        return storageClassName;
    }

    public void setStorageClassName(String storageClassName) {
        this.storageClassName = storageClassName;
    }

    /**
     * When set to true, this Keycloak will be marked as unmanaged and will not be managed by this operator. It can then be used for targeting purposes.
     */
    @com.fasterxml.jackson.annotation.JsonProperty("unmanaged")
    @com.fasterxml.jackson.annotation.JsonPropertyDescription("When set to true, this Keycloak will be marked as unmanaged and will not be managed by this operator. It can then be used for targeting purposes.")
    @com.fasterxml.jackson.annotation.JsonSetter(nulls = com.fasterxml.jackson.annotation.Nulls.SKIP)
    private Boolean unmanaged;

    public Boolean getUnmanaged() {
        return unmanaged;
    }

    public void setUnmanaged(Boolean unmanaged) {
        this.unmanaged = unmanaged;
    }
}

KeycloakJavaCr[2] = package org.test.v1alpha1;

@com.fasterxml.jackson.annotation.JsonInclude(com.fasterxml.jackson.annotation.JsonInclude.Include.NON_NULL)
@com.fasterxml.jackson.annotation.JsonPropertyOrder({"credentialSecret","externalURL","internalURL","message","phase","ready","secondaryResources","version"})
@com.fasterxml.jackson.databind.annotation.JsonDeserialize(using = com.fasterxml.jackson.databind.JsonDeserializer.None.class)
@javax.annotation.processing.Generated("io.fabric8.java.generator.CRGeneratorRunner")
public class KeycloakStatus implements io.fabric8.kubernetes.api.model.KubernetesResource {

    /**
     * The secret where the admin credentials are to be found.
     */
    @com.fasterxml.jackson.annotation.JsonProperty("credentialSecret")
    @io.fabric8.generator.annotation.Required()
    @com.fasterxml.jackson.annotation.JsonPropertyDescription("The secret where the admin credentials are to be found.")
    @com.fasterxml.jackson.annotation.JsonSetter(nulls = com.fasterxml.jackson.annotation.Nulls.SKIP)
    private String credentialSecret;

    public String getCredentialSecret() {
        return credentialSecret;
    }

    public void setCredentialSecret(String credentialSecret) {
        this.credentialSecret = credentialSecret;
    }

    /**
     * External URL for accessing Keycloak instance from outside the cluster. Is identical to external.URL if it's specified, otherwise is computed (e.g. from Ingress).
     */
    @com.fasterxml.jackson.annotation.JsonProperty("externalURL")
    @com.fasterxml.jackson.annotation.JsonPropertyDescription("External URL for accessing Keycloak instance from outside the cluster. Is identical to external.URL if it's specified, otherwise is computed (e.g. from Ingress).")
    @com.fasterxml.jackson.annotation.JsonSetter(nulls = com.fasterxml.jackson.annotation.Nulls.SKIP)
    private String externalURL;

    public String getExternalURL() {
        return externalURL;
    }

    public void setExternalURL(String externalURL) {
        this.externalURL = externalURL;
    }

    /**
     * An internal URL (service name) to be used by the admin client.
     */
    @com.fasterxml.jackson.annotation.JsonProperty("internalURL")
    @io.fabric8.generator.annotation.Required()
    @com.fasterxml.jackson.annotation.JsonPropertyDescription("An internal URL (service name) to be used by the admin client.")
    @com.fasterxml.jackson.annotation.JsonSetter(nulls = com.fasterxml.jackson.annotation.Nulls.SKIP)
    private String internalURL;

    public String getInternalURL() {
        return internalURL;
    }

    public void setInternalURL(String internalURL) {
        this.internalURL = internalURL;
    }

    /**
     * Human-readable message indicating details about current operator phase or error.
     */
    @com.fasterxml.jackson.annotation.JsonProperty("message")
    @io.fabric8.generator.annotation.Required()
    @com.fasterxml.jackson.annotation.JsonPropertyDescription("Human-readable message indicating details about current operator phase or error.")
    @com.fasterxml.jackson.annotation.JsonSetter(nulls = com.fasterxml.jackson.annotation.Nulls.SKIP)
    private String message;

    public String getMessage() {
        return message;
    }

    public void setMessage(String message) {
        this.message = message;
    }

    /**
     * Current phase of the operator.
     */
    @com.fasterxml.jackson.annotation.JsonProperty("phase")
    @io.fabric8.generator.annotation.Required()
    @com.fasterxml.jackson.annotation.JsonPropertyDescription("Current phase of the operator.")
    @com.fasterxml.jackson.annotation.JsonSetter(nulls = com.fasterxml.jackson.annotation.Nulls.SKIP)
    private String phase;

    public String getPhase() {
        return phase;
    }

    public void setPhase(String phase) {
        this.phase = phase;
    }

    /**
     * True if all resources are in a ready state and all work is done.
     */
    @com.fasterxml.jackson.annotation.JsonProperty("ready")
    @io.fabric8.generator.annotation.Required()
    @com.fasterxml.jackson.annotation.JsonPropertyDescription("True if all resources are in a ready state and all work is done.")
    @com.fasterxml.jackson.annotation.JsonSetter(nulls = com.fasterxml.jackson.annotation.Nulls.SKIP)
    private Boolean ready;

    public Boolean getReady() {
        return ready;
    }

    public void setReady(Boolean ready) {
        this.ready = ready;
    }

    /**
     * A map of all the secondary resources types and names created for this CR. e.g "Deployment": [ "DeploymentName1", "DeploymentName2" ].
     */
    @com.fasterxml.jackson.annotation.JsonProperty("secondaryResources")
    @com.fasterxml.jackson.annotation.JsonPropertyDescription("A map of all the secondary resources types and names created for this CR. e.g \"Deployment\": [ \"DeploymentName1\", \"DeploymentName2\" ].")
    @com.fasterxml.jackson.annotation.JsonSetter(nulls = com.fasterxml.jackson.annotation.Nulls.SKIP)
    private java.util.Map<java.lang.String, java.util.List<String>> secondaryResources;

    public java.util.Map<java.lang.String, java.util.List<String>> getSecondaryResources() {
        return secondaryResources;
    }

    public void setSecondaryResources(java.util.Map<java.lang.String, java.util.List<String>> secondaryResources) {
        this.secondaryResources = secondaryResources;
    }

    /**
     * Version of Keycloak or RHSSO running on the cluster.
     */
    @com.fasterxml.jackson.annotation.JsonProperty("version")
    @io.fabric8.generator.annotation.Required()
    @com.fasterxml.jackson.annotation.JsonPropertyDescription("Version of Keycloak or RHSSO running on the cluster.")
    @com.fasterxml.jackson.annotation.JsonSetter(nulls = com.fasterxml.jackson.annotation.Nulls.SKIP)
    private String version;

    public String getVersion() {
        return version;
    }

    public void setVersion(String version) {
        this.version = version;
    }
}

